// Jest Snapshot v1, https://goo.gl/fbAQLP

exports[`Test should match the snapshot 1`] = `
{
  "asFragment": [Function],
  "baseElement": <body>
    <div>
      <div
        class="MuiBox-root MuiBox-root-1"
      >
        <h1>
          User Details
        </h1>
        <div
          class="MuiContainer-root MuiContainer-maxWidthLg"
        >
          <table
            class="MuiTable-root"
          >
            <thead
              class="MuiTableHead-root"
            >
              <tr
                class="MuiTableRow-root MuiTableRow-head"
              >
                <th
                  class="MuiTableCell-root MuiTableCell-head"
                  scope="col"
                >
                  First Name
                </th>
                <th
                  class="MuiTableCell-root MuiTableCell-head"
                  scope="col"
                >
                  Last Name
                </th>
                <th
                  class="MuiTableCell-root MuiTableCell-head"
                  scope="col"
                >
                  Email
                </th>
                <th
                  class="MuiTableCell-root MuiTableCell-head"
                  scope="col"
                >
                  Phone Number
                </th>
                <th
                  class="MuiTableCell-root MuiTableCell-head"
                  scope="col"
                >
                  Address
                </th>
                <th
                  class="MuiTableCell-root MuiTableCell-head"
                  scope="col"
                >
                  Gender
                </th>
                <th
                  class="MuiTableCell-root MuiTableCell-head"
                  scope="col"
                >
                  Car
                </th>
                <th
                  class="MuiTableCell-root MuiTableCell-head"
                  scope="col"
                >
                  Close Person
                </th>
              </tr>
            </thead>
            <tbody
              class="MuiTableBody-root"
            >
              <tr
                class="MuiTableRow-root"
              >
                <td
                  class="MuiTableCell-root MuiTableCell-body"
                />
                <td
                  class="MuiTableCell-root MuiTableCell-body"
                />
                <td
                  class="MuiTableCell-root MuiTableCell-body"
                />
                <td
                  class="MuiTableCell-root MuiTableCell-body"
                />
                <td
                  class="MuiTableCell-root MuiTableCell-body"
                />
                <td
                  class="MuiTableCell-root MuiTableCell-body"
                />
                <td
                  class="MuiTableCell-root MuiTableCell-body"
                />
                <td
                  class="MuiTableCell-root MuiTableCell-body"
                />
              </tr>
            </tbody>
          </table>
        </div>
      </div>
    </div>
  </body>,
  "container": <div>
    <div
      class="MuiBox-root MuiBox-root-1"
    >
      <h1>
        User Details
      </h1>
      <div
        class="MuiContainer-root MuiContainer-maxWidthLg"
      >
        <table
          class="MuiTable-root"
        >
          <thead
            class="MuiTableHead-root"
          >
            <tr
              class="MuiTableRow-root MuiTableRow-head"
            >
              <th
                class="MuiTableCell-root MuiTableCell-head"
                scope="col"
              >
                First Name
              </th>
              <th
                class="MuiTableCell-root MuiTableCell-head"
                scope="col"
              >
                Last Name
              </th>
              <th
                class="MuiTableCell-root MuiTableCell-head"
                scope="col"
              >
                Email
              </th>
              <th
                class="MuiTableCell-root MuiTableCell-head"
                scope="col"
              >
                Phone Number
              </th>
              <th
                class="MuiTableCell-root MuiTableCell-head"
                scope="col"
              >
                Address
              </th>
              <th
                class="MuiTableCell-root MuiTableCell-head"
                scope="col"
              >
                Gender
              </th>
              <th
                class="MuiTableCell-root MuiTableCell-head"
                scope="col"
              >
                Car
              </th>
              <th
                class="MuiTableCell-root MuiTableCell-head"
                scope="col"
              >
                Close Person
              </th>
            </tr>
          </thead>
          <tbody
            class="MuiTableBody-root"
          >
            <tr
              class="MuiTableRow-root"
            >
              <td
                class="MuiTableCell-root MuiTableCell-body"
              />
              <td
                class="MuiTableCell-root MuiTableCell-body"
              />
              <td
                class="MuiTableCell-root MuiTableCell-body"
              />
              <td
                class="MuiTableCell-root MuiTableCell-body"
              />
              <td
                class="MuiTableCell-root MuiTableCell-body"
              />
              <td
                class="MuiTableCell-root MuiTableCell-body"
              />
              <td
                class="MuiTableCell-root MuiTableCell-body"
              />
              <td
                class="MuiTableCell-root MuiTableCell-body"
              />
            </tr>
          </tbody>
        </table>
      </div>
    </div>
  </div>,
  "debug": [Function],
  "findAllByAltText": [Function],
  "findAllByDisplayValue": [Function],
  "findAllByLabelText": [Function],
  "findAllByPlaceholderText": [Function],
  "findAllByRole": [Function],
  "findAllByTestId": [Function],
  "findAllByText": [Function],
  "findAllByTitle": [Function],
  "findByAltText": [Function],
  "findByDisplayValue": [Function],
  "findByLabelText": [Function],
  "findByPlaceholderText": [Function],
  "findByRole": [Function],
  "findByTestId": [Function],
  "findByText": [Function],
  "findByTitle": [Function],
  "getAllByAltText": [Function],
  "getAllByDisplayValue": [Function],
  "getAllByLabelText": [Function],
  "getAllByPlaceholderText": [Function],
  "getAllByRole": [Function],
  "getAllByTestId": [Function],
  "getAllByText": [Function],
  "getAllByTitle": [Function],
  "getByAltText": [Function],
  "getByDisplayValue": [Function],
  "getByLabelText": [Function],
  "getByPlaceholderText": [Function],
  "getByRole": [Function],
  "getByTestId": [Function],
  "getByText": [Function],
  "getByTitle": [Function],
  "queryAllByAltText": [Function],
  "queryAllByDisplayValue": [Function],
  "queryAllByLabelText": [Function],
  "queryAllByPlaceholderText": [Function],
  "queryAllByRole": [Function],
  "queryAllByTestId": [Function],
  "queryAllByText": [Function],
  "queryAllByTitle": [Function],
  "queryByAltText": [Function],
  "queryByDisplayValue": [Function],
  "queryByLabelText": [Function],
  "queryByPlaceholderText": [Function],
  "queryByRole": [Function],
  "queryByTestId": [Function],
  "queryByText": [Function],
  "queryByTitle": [Function],
  "rerender": [Function],
  "unmount": [Function],
}
`;
